// Jest Snapshot v1, https://goo.gl/fbAQLP

exports[`ItemPageInstance snapshots should match snapshot 1`] = `
<div
  className="sc-bczRLJ WtYQR ItemPageInstance-wrapper"
  data-testid="ItemPageInstance-wrapper"
>
  ItemPageInstance
</div>
`;
