// Jest Snapshot v1, https://goo.gl/fbAQLP

exports[`ItemProduct snapshots should match snapshot 1`] = `
<div
  className="sc-bczRLJ WtYQR ItemProduct-wrapper"
  data-testid="ItemProduct-wrapper"
>
  ItemProduct
</div>
`;
