// Jest Snapshot v1, https://goo.gl/fbAQLP

exports[`ItemInbox snapshots should match snapshot 1`] = `
<div
  className="sc-bczRLJ WtYQR ItemInbox-wrapper"
  data-testid="ItemInbox-wrapper"
>
  ItemInbox
</div>
`;
