// Jest Snapshot v1, https://goo.gl/fbAQLP

exports[`ItemOrder snapshots should match snapshot 1`] = `
<div
  className="sc-bczRLJ WtYQR ItemOrder-wrapper"
  data-testid="ItemOrder-wrapper"
>
  ItemOrder
</div>
`;
