// Jest Snapshot v1, https://goo.gl/fbAQLP

exports[`ItemProject snapshots should match snapshot 1`] = `
<div
  className="sc-bczRLJ WtYQR ItemProject-wrapper"
  data-testid="ItemProject-wrapper"
>
  ItemProject
</div>
`;
