// Jest Snapshot v1, https://goo.gl/fbAQLP

exports[`SheetCell snapshots should match snapshot 1`] = `
<div
  className="sc-bczRLJ dSgvsV SheetCell-wrapper cell"
  data-testid="SheetCell-wrapper"
/>
`;
