// Jest Snapshot v1, https://goo.gl/fbAQLP

exports[`ItemCart snapshots should match snapshot 1`] = `
<div
  className="sc-bczRLJ WtYQR ItemCart-wrapper"
  data-testid="ItemCart-wrapper"
>
  ItemCart
</div>
`;
